// Jest Snapshot v1, https://goo.gl/fbAQLP

exports[`Root MST model adds track and connection configs to an assembly 1`] = `
Object {
  "aliases": Array [
    "assemblyA",
  ],
  "name": "assembly1",
}
`;

exports[`Root MST model adds track and connection configs to an assembly 2`] = `
Object {
  "adapter": Object {
    "type": "BamAdapter",
  },
  "renderer": Object {
    "type": "PileupRenderer",
  },
  "trackId": "trackId0",
  "type": "BasicTrack",
}
`;

exports[`Root MST model adds track and connection configs to an assembly 3`] = `
Object {
  "connectionId": "connectionId0",
  "type": "JBrowse1Connection",
}
`;

exports[`Root MST model creates with defaults 1`] = `
Object {
  "rpc": Object {
    "defaultDriver": "MainThreadRpcDriver",
  },
}
`;
